// Jest Snapshot v1, https://goo.gl/fbAQLP

exports[`Media Component Should render 1`] = `
<body>
  <div />
  <div>
    <div
      class="media"
    >
      <a
        class="mediaLink"
        href="Discord"
        rel="noopener noreferrer"
        target="_blank"
      >
        <div
          class="mediaLink__icon"
        >
          <div
            class="mediaLink__icon-img"
          >
            <img
              alt="Discord"
              class="mediaLink__icon-img--view"
              height="200"
              loading="eager"
              src="Discord"
              title="Discord"
              width="200"
            />
          </div>
          <p
            class="mediaLink__icon-title"
          >
            Discord
          </p>
        </div>
      </a>
    </div>
  </div>
</body>
`;
